---
source: crates/observatory-adapters/tests/snapshots.rs
expression: "snapshot(&CodexExecution, &ctx, id)"
---
{
  "buckets": [
    {
      "cache_write_tokens": 10,
      "cached_tokens": 50,
      "calls": 4,
      "hour": "2026-09-02T01:00:00.000Z",
      "input_tokens": 155,
      "model": "gpt-5-codex",
      "output_tokens": 21,
      "session_hash": "929e54e794303cf9368ce3a170bd8b9eac858d3d49430e35eafe26014ed7ff5c",
      "total_tokens": 236
    },
    {
      "cache_write_tokens": 0,
      "cached_tokens": 0,
      "calls": 1,
      "hour": "2026-09-02T02:00:00.000Z",
      "input_tokens": 30,
      "model": "gpt-5",
      "output_tokens": 10,
      "session_hash": "23791600484bf57a91fbaa5dc9dc0e71df0386fea68f3828807ea52625442a1a",
      "total_tokens": 40
    },
    {
      "cache_write_tokens": 0,
      "cached_tokens": 0,
      "calls": 1,
      "hour": "2026-09-02T02:00:00.000Z",
      "input_tokens": 100,
      "model": "gpt-5-codex",
      "output_tokens": 10,
      "session_hash": "929e54e794303cf9368ce3a170bd8b9eac858d3d49430e35eafe26014ed7ff5c",
      "total_tokens": 110
    },
    {
      "cache_write_tokens": 0,
      "cached_tokens": 0,
      "calls": 1,
      "hour": "2026-09-03T10:00:00.000Z",
      "input_tokens": 10,
      "model": "unknown",
      "output_tokens": 2,
      "session_hash": "85aa0350c05ab06497087449fbda9c39930fefe041f2f85f06cc3458614338df",
      "total_tokens": 12
    }
  ],
  "coverage": {
    "bytes_read": 7514,
    "detail": null,
    "files": 4,
    "malformed": 1,
    "records_emitted": 10,
    "state": "ok",
    "stores_discovered": 2
  },
  "records": [
    {
      "adapter": "codex_execution",
      "basis": "exact",
      "binding_id": "bbbbbbbb-bbbb-4bbb-8bbb-bbbbbbbbbbbb",
      "channel": "local_file",
      "client_version": null,
      "ended_at": "2026-09-03T10:00:05.000Z",
      "execution_host": "local",
      "latency_ms": null,
      "model_actual": "unknown",
      "model_requested": null,
      "observed_at": "2026-09-03T10:00:05.000Z",
      "outcome": "completed",
      "parent_session_hash": null,
      "parser_version": "2.0.0+v1.1.0",
      "product": "codex_cli",
      "project_hash": null,
      "record_id": "02552c03-56c5-59a6-8442-4c43d3a7dbda",
      "record_type": "activity.request",
      "semantic_key": "9be88a48be4b0e952f3d76df98f42763b0ac3c9aaf8711628430faa619a29bd9",
      "session_hash": "85aa0350c05ab06497087449fbda9c39930fefe041f2f85f06cc3458614338df",
      "session_identity": "synthetic",
      "started_at": null,
      "surface": "cli",
      "tokens": {
        "input_cache_write": 0,
        "input_cached": 0,
        "input_fresh": 10,
        "output": 2,
        "reasoning": null
      },
      "tool_calls": null
    },
    {
      "adapter": "codex_execution",
      "basis": "exact",
      "binding_id": "bbbbbbbb-bbbb-4bbb-8bbb-bbbbbbbbbbbb",
      "channel": "local_file",
      "client_version": "0.40.0",
      "ended_at": "2026-09-02T01:01:00.000Z",
      "execution_host": "local",
      "latency_ms": null,
      "model_actual": "gpt-5-codex",
      "model_requested": null,
      "observed_at": "2026-09-02T01:01:00.000Z",
      "outcome": "completed",
      "parent_session_hash": null,
      "parser_version": "2.0.0+v1.1.0",
      "product": "codex_cli",
      "project_hash": null,
      "record_id": "1db2a24c-59ab-5710-b149-89ec736003f9",
      "record_type": "activity.request",
      "semantic_key": "65b464de11a1a579600a8c48bf2968b541ee804823bcafa211296b008e9fdc1f",
      "session_hash": "929e54e794303cf9368ce3a170bd8b9eac858d3d49430e35eafe26014ed7ff5c",
      "session_identity": "provider",
      "started_at": null,
      "surface": "cli",
      "tokens": {
        "input_cache_write": 0,
        "input_cached": 30,
        "input_fresh": 30,
        "output": 10,
        "reasoning": null
      },
      "tool_calls": null
    },
    {
      "adapter": "codex_execution",
      "basis": "exact",
      "binding_id": "bbbbbbbb-bbbb-4bbb-8bbb-bbbbbbbbbbbb",
      "channel": "local_file",
      "client_version": null,
      "ended_at": "2026-09-02T02:00:10.000Z",
      "execution_host": "local",
      "latency_ms": null,
      "model_actual": "gpt-5",
      "model_requested": null,
      "observed_at": "2026-09-02T02:00:10.000Z",
      "outcome": "completed",
      "parent_session_hash": null,
      "parser_version": "2.0.0+v1.1.0",
      "product": "codex_cli",
      "project_hash": null,
      "record_id": "2d7c71fd-a54e-5a0d-a2df-00aeca5dbdf0",
      "record_type": "activity.request",
      "semantic_key": "0febdd81ef415991f862ac453cb12d5a43818fe8752bea848ec8797fd5b7a14f",
      "session_hash": "23791600484bf57a91fbaa5dc9dc0e71df0386fea68f3828807ea52625442a1a",
      "session_identity": "provider",
      "started_at": null,
      "surface": "cli",
      "tokens": {
        "input_cache_write": 0,
        "input_cached": 0,
        "input_fresh": 30,
        "output": 10,
        "reasoning": null
      },
      "tool_calls": null
    },
    {
      "adapter": "codex_execution",
      "basis": "exact",
      "binding_id": "bbbbbbbb-bbbb-4bbb-8bbb-bbbbbbbbbbbb",
      "channel": "local_file",
      "client_version": "0.40.0",
      "ended_at": "2026-09-02T01:04:00.000Z",
      "execution_host": "local",
      "latency_ms": null,
      "model_actual": "gpt-5-codex",
      "model_requested": null,
      "observed_at": "2026-09-02T01:04:00.000Z",
      "outcome": "completed",
      "parent_session_hash": null,
      "parser_version": "2.0.0+v1.1.0",
      "product": "codex_cli",
      "project_hash": null,
      "record_id": "68e11bca-b825-5aec-b0c6-fbf158684109",
      "record_type": "activity.request",
      "semantic_key": "39329b62ee240eb2cbd703cca3df2e32dc9e9d65fce5fc54c0132c4c02fdc33b",
      "session_hash": "929e54e794303cf9368ce3a170bd8b9eac858d3d49430e35eafe26014ed7ff5c",
      "session_identity": "provider",
      "started_at": null,
      "surface": "cli",
      "tokens": {
        "input_cache_write": 5,
        "input_cached": 10,
        "input_fresh": 0,
        "output": 6,
        "reasoning": null
      },
      "tool_calls": null
    },
    {
      "adapter": "codex_execution",
      "basis": "reported",
      "binding_id": "bbbbbbbb-bbbb-4bbb-8bbb-bbbbbbbbbbbb",
      "capacity": null,
      "channel": "local_file",
      "kind": "percent_used",
      "label": "Codex · weekly",
      "meter_key": "codex:10080",
      "observed_at": "2026-09-02T01:00:10.250Z",
      "parser_version": "2.0.0+v1.1.0",
      "raw_window_id": "secondary",
      "reader": "embedded",
      "record_id": "add83de6-9b1f-5a73-babd-c0276fd60bff",
      "record_type": "allowance.reading",
      "resets_at": "2026-09-07T16:53:20.000Z",
      "unit": "percent",
      "value": 5.5,
      "window_minutes": 10080,
      "window_started_at": null
    },
    {
      "adapter": "codex_execution",
      "basis": "exact",
      "binding_id": "bbbbbbbb-bbbb-4bbb-8bbb-bbbbbbbbbbbb",
      "channel": "local_file",
      "client_version": "0.40.0",
      "ended_at": "2026-09-02T02:10:00.000Z",
      "execution_host": "local",
      "latency_ms": null,
      "model_actual": "gpt-5-codex",
      "model_requested": null,
      "observed_at": "2026-09-02T02:10:00.000Z",
      "outcome": "completed",
      "parent_session_hash": null,
      "parser_version": "2.0.0+v1.1.0",
      "product": "codex_cli",
      "project_hash": null,
      "record_id": "afcd6601-9cde-59f1-af16-9a7ba83920e8",
      "record_type": "activity.request",
      "semantic_key": "227ed579b662cf3d99fd56ef803d1b991037d174ecf8788be1df09b6c4c931d0",
      "session_hash": "929e54e794303cf9368ce3a170bd8b9eac858d3d49430e35eafe26014ed7ff5c",
      "session_identity": "provider",
      "started_at": null,
      "surface": "cli",
      "tokens": {
        "input_cache_write": 0,
        "input_cached": 0,
        "input_fresh": 100,
        "output": 10,
        "reasoning": null
      },
      "tool_calls": null
    },
    {
      "adapter": "codex_execution",
      "basis": "exact",
      "binding_id": "bbbbbbbb-bbbb-4bbb-8bbb-bbbbbbbbbbbb",
      "channel": "local_file",
      "client_version": "0.40.0",
      "ended_at": "2026-09-02T01:03:00.000Z",
      "execution_host": "local",
      "latency_ms": null,
      "model_actual": "gpt-5-codex",
      "model_requested": null,
      "observed_at": "2026-09-02T01:03:00.000Z",
      "outcome": "completed",
      "parent_session_hash": null,
      "parser_version": "2.0.0+v1.1.0",
      "product": "codex_cli",
      "project_hash": null,
      "record_id": "b41f1510-1181-5bff-9795-18fec6b6ac59",
      "record_type": "activity.request",
      "semantic_key": "844a425e12c6053041771fcee45dc306598308894c89915122436478f15fe357",
      "session_hash": "929e54e794303cf9368ce3a170bd8b9eac858d3d49430e35eafe26014ed7ff5c",
      "session_identity": "provider",
      "started_at": null,
      "surface": "cli",
      "tokens": {
        "input_cache_write": 5,
        "input_cached": 10,
        "input_fresh": 25,
        "output": 5,
        "reasoning": null
      },
      "tool_calls": null
    },
    {
      "adapter": "codex_execution",
      "basis": "exact",
      "binding_id": "bbbbbbbb-bbbb-4bbb-8bbb-bbbbbbbbbbbb",
      "channel": "local_file",
      "client_version": "0.40.0",
      "ended_at": "2026-09-02T01:00:10.250Z",
      "execution_host": "local",
      "latency_ms": null,
      "model_actual": "gpt-5-codex",
      "model_requested": null,
      "observed_at": "2026-09-02T01:00:10.250Z",
      "outcome": "completed",
      "parent_session_hash": null,
      "parser_version": "2.0.0+v1.1.0",
      "product": "codex_cli",
      "project_hash": null,
      "record_id": "b516313c-17be-5b75-aa13-2fe06b9489e7",
      "record_type": "activity.request",
      "semantic_key": "f296a23a5f09619215a53cf939e2f6a61c4abfaa768022874c80d0616f0c931c",
      "session_hash": "929e54e794303cf9368ce3a170bd8b9eac858d3d49430e35eafe26014ed7ff5c",
      "session_identity": "provider",
      "started_at": null,
      "surface": "cli",
      "tokens": {
        "input_cache_write": 0,
        "input_cached": 0,
        "input_fresh": 100,
        "output": 0,
        "reasoning": null
      },
      "tool_calls": null
    },
    {
      "adapter": "codex_execution",
      "basis": "reported",
      "binding_id": "bbbbbbbb-bbbb-4bbb-8bbb-bbbbbbbbbbbb",
      "capacity": null,
      "channel": "local_file",
      "kind": "percent_used",
      "label": "Codex · 5h",
      "meter_key": "codex:300",
      "observed_at": "2026-09-02T01:03:00.000Z",
      "parser_version": "2.0.0+v1.1.0",
      "raw_window_id": "primary",
      "reader": "embedded",
      "record_id": "cf888f12-2c76-578f-a105-e36781120101",
      "record_type": "allowance.reading",
      "resets_at": "2026-09-02T02:00:00.000Z",
      "unit": "percent",
      "value": 30,
      "window_minutes": 300,
      "window_started_at": null
    },
    {
      "adapter": "codex_execution",
      "basis": "reported",
      "binding_id": "bbbbbbbb-bbbb-4bbb-8bbb-bbbbbbbbbbbb",
      "capacity": null,
      "channel": "local_file",
      "kind": "percent_used",
      "label": "Codex · weekly",
      "meter_key": "codex:10080",
      "observed_at": "2026-09-02T02:10:00.000Z",
      "parser_version": "2.0.0+v1.1.0",
      "raw_window_id": "secondary",
      "reader": "embedded",
      "record_id": "d8400a6d-9f92-572f-8697-e650c6282e12",
      "record_type": "allowance.reading",
      "resets_at": "2026-09-07T16:53:20.000Z",
      "unit": "percent",
      "value": 6,
      "window_minutes": 10080,
      "window_started_at": null
    }
  ]
}
