---
source: crates/observatory-adapters/tests/snapshots.rs
expression: "snapshot(&ClaudeExecution, &ctx, id)"
---
{
  "buckets": [
    {
      "cache_write_tokens": 8,
      "cached_tokens": 20,
      "calls": 2,
      "hour": "2026-09-02T02:00:00.000Z",
      "input_tokens": 5,
      "model": "claude-opus-4-1",
      "output_tokens": 24,
      "session_hash": "2bd994de2308f696f3159843f649260e2950b6480bce1725eae878230f4f0bcb",
      "total_tokens": 57
    },
    {
      "cache_write_tokens": 0,
      "cached_tokens": 0,
      "calls": 1,
      "hour": "2026-09-02T03:00:00.000Z",
      "input_tokens": 1,
      "model": "claude-sonnet-4",
      "output_tokens": 1,
      "session_hash": "17c2445d896ff69cb507e634cf9a177f5473f327f2b4ee8229245ec2d36c2e45",
      "total_tokens": 2
    },
    {
      "cache_write_tokens": 0,
      "cached_tokens": 0,
      "calls": 1,
      "hour": "2026-09-02T03:00:00.000Z",
      "input_tokens": 1,
      "model": "claude-haiku-3-5-with-a-very-long-model-name-xxxxxxxxxxxxxxxxxxxxxxxxxxxxxxxxxxxxxxxxxxxxxxxxxxxxxxx",
      "output_tokens": 2,
      "session_hash": "2bd994de2308f696f3159843f649260e2950b6480bce1725eae878230f4f0bcb",
      "total_tokens": 3
    },
    {
      "cache_write_tokens": 0,
      "cached_tokens": 0,
      "calls": 1,
      "hour": "2026-09-02T03:00:00.000Z",
      "input_tokens": 100,
      "model": "claude-sonnet-4",
      "output_tokens": 50,
      "session_hash": "2bd994de2308f696f3159843f649260e2950b6480bce1725eae878230f4f0bcb",
      "total_tokens": 150
    },
    {
      "cache_write_tokens": 0,
      "cached_tokens": 0,
      "calls": 1,
      "hour": "2026-09-02T03:00:00.000Z",
      "input_tokens": 7,
      "model": "claude-sonnet-4",
      "output_tokens": 3,
      "session_hash": "ea46072c64626ee3856fd59fdae8cf2e2f0829ec68819186a2269cf6f8dd016a",
      "total_tokens": 10
    }
  ],
  "coverage": {
    "bytes_read": 3976,
    "detail": null,
    "files": 3,
    "malformed": 3,
    "records_emitted": 9,
    "state": "ok",
    "stores_discovered": 1
  },
  "records": [
    {
      "adapter": "claude_execution",
      "basis": "reported",
      "binding_id": "aaaaaaaa-aaaa-4aaa-8aaa-aaaaaaaaaaaa",
      "capacity": null,
      "channel": "hook_snapshot",
      "kind": "percent_used",
      "label": "Claude · 5h",
      "meter_key": "five_hour",
      "observed_at": "2026-09-02T03:10:00Z",
      "parser_version": "2.0.0+v1.1.0",
      "raw_window_id": "five_hour",
      "reader": "statusline",
      "record_id": "13486486-5651-5cb2-a493-e9ecf4ea64c7",
      "record_type": "allowance.reading",
      "resets_at": "2026-09-02T05:00:00Z",
      "unit": "percent",
      "value": 15,
      "window_minutes": 300,
      "window_started_at": null
    },
    {
      "adapter": "claude_execution",
      "basis": "exact",
      "binding_id": "aaaaaaaa-aaaa-4aaa-8aaa-aaaaaaaaaaaa",
      "channel": "local_file",
      "client_version": "1.0.101",
      "ended_at": "2026-09-02T03:15:30.500Z",
      "execution_host": "local",
      "latency_ms": null,
      "model_actual": "claude-sonnet-4",
      "model_requested": null,
      "observed_at": "2026-09-02T03:15:30.500Z",
      "outcome": "completed",
      "parent_session_hash": null,
      "parser_version": "2.0.0+v1.1.0",
      "product": "claude_code",
      "project_hash": null,
      "record_id": "43889a02-7678-548d-b9c2-15ce12b1b1a2",
      "record_type": "activity.request",
      "semantic_key": "af9b7a0eb8fc6426eb2f193c5f74812c44b3636b762871d3327a607b19fc4974",
      "session_hash": "2bd994de2308f696f3159843f649260e2950b6480bce1725eae878230f4f0bcb",
      "session_identity": "provider",
      "started_at": null,
      "surface": "cli",
      "tokens": {
        "input_cache_write": 0,
        "input_cached": 0,
        "input_fresh": 100,
        "output": 50,
        "reasoning": null
      },
      "tool_calls": null
    },
    {
      "adapter": "claude_execution",
      "basis": "reported",
      "binding_id": "aaaaaaaa-aaaa-4aaa-8aaa-aaaaaaaaaaaa",
      "capacity": null,
      "channel": "hook_snapshot",
      "kind": "percent_used",
      "label": "Claude · 5h",
      "meter_key": "five_hour",
      "observed_at": "2026-09-02T02:10:00Z",
      "parser_version": "2.0.0+v1.1.0",
      "raw_window_id": "five_hour",
      "reader": "statusline",
      "record_id": "4f435274-a28d-5069-b767-4e12fbc7c053",
      "record_type": "allowance.reading",
      "resets_at": "2026-09-02T05:00:00Z",
      "unit": "percent",
      "value": 12,
      "window_minutes": 300,
      "window_started_at": null
    },
    {
      "adapter": "claude_execution",
      "basis": "exact",
      "binding_id": "aaaaaaaa-aaaa-4aaa-8aaa-aaaaaaaaaaaa",
      "channel": "local_file",
      "client_version": "1.0.100",
      "ended_at": "2026-09-02T02:05:00.000Z",
      "execution_host": "local",
      "latency_ms": null,
      "model_actual": "claude-opus-4-1",
      "model_requested": null,
      "observed_at": "2026-09-02T02:05:00.000Z",
      "outcome": "completed",
      "parent_session_hash": "2bd994de2308f696f3159843f649260e2950b6480bce1725eae878230f4f0bcb",
      "parser_version": "2.0.0+v1.1.0",
      "product": "claude_code",
      "project_hash": null,
      "record_id": "a3f6d2e6-d6ff-54e5-a0e3-7aa4da6cf81d",
      "record_type": "activity.request",
      "semantic_key": "edab0beab6922e95904d785f491a493d515197945f5446896e3709ab479dbc58",
      "session_hash": "2bd994de2308f696f3159843f649260e2950b6480bce1725eae878230f4f0bcb",
      "session_identity": "provider",
      "started_at": null,
      "surface": "cli",
      "tokens": {
        "input_cache_write": 0,
        "input_cached": 0,
        "input_fresh": 3,
        "output": 4,
        "reasoning": null
      },
      "tool_calls": null
    },
    {
      "adapter": "claude_execution",
      "basis": "exact",
      "binding_id": "aaaaaaaa-aaaa-4aaa-8aaa-aaaaaaaaaaaa",
      "channel": "local_file",
      "client_version": "1.0.100",
      "ended_at": "2026-09-02T02:00:00.000Z",
      "execution_host": "local",
      "latency_ms": null,
      "model_actual": "claude-opus-4-1",
      "model_requested": null,
      "observed_at": "2026-09-02T02:00:00.000Z",
      "outcome": "completed",
      "parent_session_hash": null,
      "parser_version": "2.0.0+v1.1.0",
      "product": "claude_code",
      "project_hash": null,
      "record_id": "ac2b7cf7-12dd-5c19-93dd-26c3b0b6c6ad",
      "record_type": "activity.request",
      "semantic_key": "c7234b23788cff02a8dc39a0defd7dc445647a86c7ec5a0295c0c0b233647aea",
      "session_hash": "2bd994de2308f696f3159843f649260e2950b6480bce1725eae878230f4f0bcb",
      "session_identity": "provider",
      "started_at": null,
      "surface": "cli",
      "tokens": {
        "input_cache_write": 8,
        "input_cached": 20,
        "input_fresh": 2,
        "output": 20,
        "reasoning": null
      },
      "tool_calls": null
    },
    {
      "adapter": "claude_execution",
      "basis": "reported",
      "binding_id": "aaaaaaaa-aaaa-4aaa-8aaa-aaaaaaaaaaaa",
      "capacity": null,
      "channel": "hook_snapshot",
      "kind": "percent_used",
      "label": "Claude · weekly",
      "meter_key": "seven_day",
      "observed_at": "2026-09-02T02:10:00Z",
      "parser_version": "2.0.0+v1.1.0",
      "raw_window_id": "seven_day",
      "reader": "statusline",
      "record_id": "b977bc9d-4bbf-5cf7-863b-c1bc580a45cc",
      "record_type": "allowance.reading",
      "resets_at": "2026-09-08T00:00:00Z",
      "unit": "percent",
      "value": 40.5,
      "window_minutes": 10080,
      "window_started_at": null
    },
    {
      "adapter": "claude_execution",
      "basis": "exact",
      "binding_id": "aaaaaaaa-aaaa-4aaa-8aaa-aaaaaaaaaaaa",
      "channel": "local_file",
      "client_version": "1.0.100",
      "ended_at": "2026-09-02T03:30:00.000Z",
      "execution_host": "local",
      "latency_ms": null,
      "model_actual": "claude-sonnet-4",
      "model_requested": null,
      "observed_at": "2026-09-02T03:30:00.000Z",
      "outcome": "completed",
      "parent_session_hash": null,
      "parser_version": "2.0.0+v1.1.0",
      "product": "claude_code",
      "project_hash": null,
      "record_id": "c47c36d0-f479-5aec-8660-3b5cd3ee8ba4",
      "record_type": "activity.request",
      "semantic_key": "0defa0d3fb7272cc8b2324a285584b1d59e516580f3d8286e6a46083db5ab898",
      "session_hash": "17c2445d896ff69cb507e634cf9a177f5473f327f2b4ee8229245ec2d36c2e45",
      "session_identity": "provider",
      "started_at": null,
      "surface": "cli",
      "tokens": {
        "input_cache_write": 0,
        "input_cached": 0,
        "input_fresh": 1,
        "output": 1,
        "reasoning": null
      },
      "tool_calls": null
    },
    {
      "adapter": "claude_execution",
      "basis": "exact",
      "binding_id": "aaaaaaaa-aaaa-4aaa-8aaa-aaaaaaaaaaaa",
      "channel": "local_file",
      "client_version": "1.0.100",
      "ended_at": "2026-09-02T03:20:00.000Z",
      "execution_host": "local",
      "latency_ms": null,
      "model_actual": "claude-sonnet-4",
      "model_requested": null,
      "observed_at": "2026-09-02T03:20:00.000Z",
      "outcome": "completed",
      "parent_session_hash": null,
      "parser_version": "2.0.0+v1.1.0",
      "product": "claude_code",
      "project_hash": null,
      "record_id": "e01407be-2a4c-521b-87f7-a9e950721597",
      "record_type": "activity.request",
      "semantic_key": "744ef9f7bf89ab8dab5fd3155bf036bde158d8b0d7415ef5ed92f38bbed61e8a",
      "session_hash": "ea46072c64626ee3856fd59fdae8cf2e2f0829ec68819186a2269cf6f8dd016a",
      "session_identity": "synthetic",
      "started_at": null,
      "surface": "cli",
      "tokens": {
        "input_cache_write": 0,
        "input_cached": 0,
        "input_fresh": 7,
        "output": 3,
        "reasoning": null
      },
      "tool_calls": null
    },
    {
      "adapter": "claude_execution",
      "basis": "exact",
      "binding_id": "aaaaaaaa-aaaa-4aaa-8aaa-aaaaaaaaaaaa",
      "channel": "local_file",
      "client_version": "1.0.100",
      "ended_at": "2026-09-02T03:31:00.000Z",
      "execution_host": "local",
      "latency_ms": null,
      "model_actual": "claude-haiku-3-5-with-a-very-long-model-name-xxxxxxxxxxxxxxxxxxxxxxxxxxxxxxxxxxxxxxxxxxxxxxxxxxxxxxx",
      "model_requested": null,
      "observed_at": "2026-09-02T03:31:00.000Z",
      "outcome": "completed",
      "parent_session_hash": null,
      "parser_version": "2.0.0+v1.1.0",
      "product": "claude_code",
      "project_hash": null,
      "record_id": "fb242c44-ab56-5a34-b877-6faa68bf20cc",
      "record_type": "activity.request",
      "semantic_key": "e721d4f62e67f4379bfe5989ee3e030de1dd9130bc33d18adeafc67b62dcaedb",
      "session_hash": "2bd994de2308f696f3159843f649260e2950b6480bce1725eae878230f4f0bcb",
      "session_identity": "provider",
      "started_at": null,
      "surface": "cli",
      "tokens": {
        "input_cache_write": 0,
        "input_cached": 0,
        "input_fresh": 1,
        "output": 2,
        "reasoning": null
      },
      "tool_calls": null
    }
  ]
}
